d:\embeddedgraphisworkspace\lvgl_rgb_mixer\lvgl\src\misc\lv_color.h:603:26:lv_color_make	16	static
d:\embeddedgraphisworkspace\lvgl_rgb_mixer\lvgl\src\misc\lv_color.h:703:26:lv_color_black	8	static
D:/EmbeddedGraphisWorkspace/LVGL_RGB_Mixer/lvgl/src/core/lv_disp.h:184:26:lv_scr_act	8	static
D:/EmbeddedGraphisWorkspace/LVGL_RGB_Mixer/lvgl/src/widgets/slider/lv_slider.h:104:20:lv_slider_set_range	24	static
D:/EmbeddedGraphisWorkspace/LVGL_RGB_Mixer/lvgl/src/widgets/slider/lv_slider.h:128:23:lv_slider_get_value	16	static
../Core/Src/rgb_mixer.c:12:6:slider_callback	32	static
../Core/Src/rgb_mixer.c:20:6:rgb_mixer_ui	32	static
../Core/Src/rgb_mixer.c:51:18:create_slider	24	static
